src/components/RecorderControls.tsx(13,11): error TS6133: 'setTimelineTime' is declared but its value is never read.
src/components/RecorderControls.tsx(14,82): error TS2339: Property 'pause' does not exist on type 'AppState'.
src/components/RecorderControls.tsx(14,96): error TS2339: Property 'play' does not exist on type 'AppState'.
src/components/RecorderControls.tsx(15,49): error TS2339: Property 'addAsset' does not exist on type 'AppState'.
src/components/RecorderControls.tsx(16,11): error TS6133: 'currentMode' is declared but its value is never read.
src/components/RecorderControls.tsx(24,31): error TS2554: Expected 1 arguments, but got 0.
src/components/StudioPanel.tsx(624,51): error TS6133: 'clipWidthPx' is declared but its value is never read.
src/components/StudioPanel.tsx(629,53): error TS2322: Type '{ key: string; clip: TimelineClip; trackType: "video" | "audio"; zoom: number; isSelected: boolean; onMouseDown: (e: any) => any; onContextMenu: (e: any) => void; }' is not assignable to type 'IntrinsicAttributes & WaveformClipProps'.
  Property 'clip' does not exist on type 'IntrinsicAttributes & WaveformClipProps'.
src/components/StudioPanel.tsx(633,67): error TS7006: Parameter 'e' implicitly has an 'any' type.
src/components/StudioPanel.tsx(633,73): error TS2304: Cannot find name 'handleClipMouseDown'.
src/components/StudioPanel.tsx(634,69): error TS7006: Parameter 'e' implicitly has an 'any' type.
src/components/TrackingOverlay.tsx(4,27): error TS6133: 'Move' is declared but its value is never read.
src/components/TrackingOverlay.tsx(19,11): error TS6133: 'timeline' is declared but its value is never read.
src/components/TrackingOverlay.tsx(52,28): error TS6133: 'keyframes' is declared but its value is never read.
src/frameflow.worker.ts(233,11): error TS6133: 'tempCtx' is declared but its value is never read.
src/services/AudioRecorderService.ts(77,44): error TS2345: Argument of type 'Uint8Array<ArrayBufferLike>' is not assignable to parameter of type 'Uint8Array<ArrayBuffer>'.
  Type 'ArrayBufferLike' is not assignable to type 'ArrayBuffer'.
    Type 'SharedArrayBuffer' is not assignable to type 'ArrayBuffer'.
      Types of property '[Symbol.toStringTag]' are incompatible.
        Type '"SharedArrayBuffer"' is not assignable to type '"ArrayBuffer"'.
